INFO:root:Started
WARNING:root:Patch 0 belongs to no world.
INFO:root:Patch 0 updating with update function Pass
WARNING:root:No update function for patch 0.
WARNING:root:Patch 0 belongs to no world.
WARNING:root:Patch 0 belongs to no world.
INFO:root:Patch 0 updating with update function <function TestSetup.test_basic_update.<locals>.update_function at 0x000001949FDBB0D0>
INFO:root:Patch 0 updating with update function <function TestSetup.test_basic_update.<locals>.update_function at 0x000001949FDBB0D0>
INFO:root:Patch 0 updating with update function <function TestSetup.test_basic_update.<locals>.update_function at 0x000001949FDBB0D0>
INFO:root:Patch 0 updating with update function <function TestSetup.test_basic_update.<locals>.update_function at 0x000001949FDBB0D0>
INFO:root:Patch 0 updating with update function <function TestSetup.test_basic_update.<locals>.update_function at 0x000001949FDBB0D0>
WARNING:root:Patch 0 belongs to no world.
INFO:root:Patch 0 updating with update function <function TestSetup.test_custom_attribute_update.<locals>.update_function at 0x000001949FDBB0D0>
INFO:root:Patch 0 updating with update function <function TestSetup.test_custom_attribute_update.<locals>.update_function at 0x000001949FDBB0D0>
INFO:root:Patch 0 updating with update function <function TestSetup.test_custom_attribute_update.<locals>.update_function at 0x000001949FDBB0D0>
INFO:root:Patch 0 updating with update function <function TestSetup.test_custom_attribute_update.<locals>.update_function at 0x000001949FDBB0D0>
INFO:root:Patch 0 updating with update function <function TestSetup.test_custom_attribute_update.<locals>.update_function at 0x000001949FDBB0D0>
WARNING:root:Patch 0 belongs to no world.
INFO:root:Patch 0 updating with update function <function add_one at 0x000001949FDBB1E0>
INFO:root:Patch 0 updating with update function <function add_one at 0x000001949FDBB1E0>
INFO:root:Patch 0 updating with update function <function add_one at 0x000001949FDBB1E0>
INFO:root:Worldmap node 0 mapped to patch 0 and is appended.
INFO:root:Worldmap node 1 mapped to patch 1 and is appended.
INFO:root:Worldmap node 2 mapped to patch 2 and is appended.
INFO:root:Worldmap node 3 mapped to patch 3 and is appended.
INFO:root:Worldmap node 4 mapped to patch 4 and is appended.
INFO:root:Worldmap node 5 mapped to patch 5 and is appended.
INFO:root:Worldmap node 6 mapped to patch 6 and is appended.
INFO:root:Worldmap node 7 mapped to patch 7 and is appended.
INFO:root:Worldmap node 8 mapped to patch 8 and is appended.
INFO:root:Worldmap node 9 mapped to patch 9 and is appended.
INFO:root:World 1 created.
INFO:root:Worldmap node 0 mapped to patch 0 and is appended.
INFO:root:World 1 created.
INFO:root:Worldmap node 0 mapped to patch 0 and is appended.
INFO:root:World 1 created.
INFO:root:Worldmap node 0 mapped to patch 0 and is appended.
INFO:root:Worldmap node 1 mapped to patch 1 and is appended.
INFO:root:World 1 created.
INFO:root:Worldmap node 0 mapped to patch 0 and is appended.
INFO:root:Worldmap node 1 mapped to patch 1 and is appended.
INFO:root:World 1 created.
INFO:root:Worldmap node 0 mapped to patch 0 and is appended.
INFO:root:Worldmap node 1 mapped to patch 1 and is appended.
INFO:root:World 1 created.
INFO:root:Worldmap node 0 mapped to patch 0 and is appended.
INFO:root:Worldmap node 1 mapped to patch 1 and is appended.
INFO:root:Worldmap node 2 mapped to patch 2 and is appended.
INFO:root:World 1 created.
INFO:root:Worldmap node 0 mapped to patch 0 and is appended.
INFO:root:Worldmap node 1 mapped to patch 1 and is appended.
INFO:root:Worldmap node 2 mapped to patch 2 and is appended.
INFO:root:World 1 created.
INFO:root:Worldmap node 0 mapped to patch 0 and is appended.
INFO:root:Worldmap node 1 mapped to patch 1 and is appended.
INFO:root:Worldmap node 2 mapped to patch 2 and is appended.
INFO:root:World 1 created.
INFO:root:Worldmap node 0 mapped to patch 0 and is appended.
INFO:root:Worldmap node 1 mapped to patch 1 and is appended.
INFO:root:Worldmap node 2 mapped to patch 2 and is appended.
INFO:root:Worldmap node 3 mapped to patch 3 and is appended.
INFO:root:World 1 created.
INFO:root:Worldmap node 0 mapped to patch 0 and is appended.
INFO:root:Worldmap node 1 mapped to patch 1 and is appended.
INFO:root:Worldmap node 2 mapped to patch 2 and is appended.
INFO:root:Worldmap node 3 mapped to patch 3 and is appended.
INFO:root:World 1 created.
INFO:root:Worldmap node 0 mapped to patch 0 and is appended.
INFO:root:Worldmap node 1 mapped to patch 1 and is appended.
INFO:root:Worldmap node 2 mapped to patch 2 and is appended.
INFO:root:Worldmap node 3 mapped to patch 3 and is appended.
INFO:root:World 1 created.
INFO:root:Worldmap node 0 mapped to patch 0 and is appended.
INFO:root:Worldmap node 1 mapped to patch 1 and is appended.
INFO:root:Worldmap node 2 mapped to patch 2 and is appended.
INFO:root:Worldmap node 3 mapped to patch 3 and is appended.
INFO:root:Worldmap node 4 mapped to patch 4 and is appended.
INFO:root:World 1 created.
INFO:root:Worldmap node 0 mapped to patch 0 and is appended.
INFO:root:Worldmap node 1 mapped to patch 1 and is appended.
INFO:root:Worldmap node 2 mapped to patch 2 and is appended.
INFO:root:Worldmap node 3 mapped to patch 3 and is appended.
INFO:root:Worldmap node 4 mapped to patch 4 and is appended.
INFO:root:World 1 created.
INFO:root:Worldmap node 0 mapped to patch 0 and is appended.
INFO:root:Worldmap node 1 mapped to patch 1 and is appended.
INFO:root:Worldmap node 2 mapped to patch 2 and is appended.
INFO:root:Worldmap node 3 mapped to patch 3 and is appended.
INFO:root:Worldmap node 4 mapped to patch 4 and is appended.
INFO:root:World 1 created.
INFO:root:Worldmap node 0 mapped to patch 0 and is appended.
INFO:root:Worldmap node 1 mapped to patch 1 and is appended.
INFO:root:Worldmap node 2 mapped to patch 2 and is appended.
INFO:root:Worldmap node 3 mapped to patch 3 and is appended.
INFO:root:Worldmap node 4 mapped to patch 4 and is appended.
INFO:root:Worldmap node 5 mapped to patch 5 and is appended.
INFO:root:World 1 created.
INFO:root:Worldmap node 0 mapped to patch 0 and is appended.
INFO:root:Worldmap node 1 mapped to patch 1 and is appended.
INFO:root:Worldmap node 2 mapped to patch 2 and is appended.
INFO:root:Worldmap node 3 mapped to patch 3 and is appended.
INFO:root:Worldmap node 4 mapped to patch 4 and is appended.
INFO:root:Worldmap node 5 mapped to patch 5 and is appended.
INFO:root:World 1 created.
INFO:root:Worldmap node 0 mapped to patch 0 and is appended.
INFO:root:Worldmap node 1 mapped to patch 1 and is appended.
INFO:root:Worldmap node 2 mapped to patch 2 and is appended.
INFO:root:Worldmap node 3 mapped to patch 3 and is appended.
INFO:root:Worldmap node 4 mapped to patch 4 and is appended.
INFO:root:Worldmap node 5 mapped to patch 5 and is appended.
INFO:root:World 1 created.
INFO:root:Worldmap node 0 mapped to patch 0 and is appended.
INFO:root:Worldmap node 1 mapped to patch 1 and is appended.
INFO:root:Worldmap node 2 mapped to patch 2 and is appended.
INFO:root:Worldmap node 3 mapped to patch 3 and is appended.
INFO:root:Worldmap node 4 mapped to patch 4 and is appended.
INFO:root:Worldmap node 5 mapped to patch 5 and is appended.
INFO:root:Worldmap node 6 mapped to patch 6 and is appended.
INFO:root:World 1 created.
INFO:root:Worldmap node 0 mapped to patch 0 and is appended.
INFO:root:Worldmap node 1 mapped to patch 1 and is appended.
INFO:root:Worldmap node 2 mapped to patch 2 and is appended.
INFO:root:Worldmap node 3 mapped to patch 3 and is appended.
INFO:root:Worldmap node 4 mapped to patch 4 and is appended.
INFO:root:Worldmap node 5 mapped to patch 5 and is appended.
INFO:root:Worldmap node 6 mapped to patch 6 and is appended.
INFO:root:World 1 created.
INFO:root:Worldmap node 0 mapped to patch 0 and is appended.
INFO:root:Worldmap node 1 mapped to patch 1 and is appended.
INFO:root:Worldmap node 2 mapped to patch 2 and is appended.
INFO:root:Worldmap node 3 mapped to patch 3 and is appended.
INFO:root:Worldmap node 4 mapped to patch 4 and is appended.
INFO:root:Worldmap node 5 mapped to patch 5 and is appended.
INFO:root:Worldmap node 6 mapped to patch 6 and is appended.
INFO:root:World 1 created.
INFO:root:Worldmap node 0 mapped to patch 0 and is appended.
INFO:root:Worldmap node 1 mapped to patch 1 and is appended.
INFO:root:Worldmap node 2 mapped to patch 2 and is appended.
INFO:root:Worldmap node 3 mapped to patch 3 and is appended.
INFO:root:Worldmap node 4 mapped to patch 4 and is appended.
INFO:root:Worldmap node 5 mapped to patch 5 and is appended.
INFO:root:Worldmap node 6 mapped to patch 6 and is appended.
INFO:root:Worldmap node 7 mapped to patch 7 and is appended.
INFO:root:World 1 created.
INFO:root:Worldmap node 0 mapped to patch 0 and is appended.
INFO:root:Worldmap node 1 mapped to patch 1 and is appended.
INFO:root:Worldmap node 2 mapped to patch 2 and is appended.
INFO:root:Worldmap node 3 mapped to patch 3 and is appended.
INFO:root:Worldmap node 4 mapped to patch 4 and is appended.
INFO:root:Worldmap node 5 mapped to patch 5 and is appended.
INFO:root:Worldmap node 6 mapped to patch 6 and is appended.
INFO:root:Worldmap node 7 mapped to patch 7 and is appended.
INFO:root:World 1 created.
INFO:root:Worldmap node 0 mapped to patch 0 and is appended.
INFO:root:Worldmap node 1 mapped to patch 1 and is appended.
INFO:root:Worldmap node 2 mapped to patch 2 and is appended.
INFO:root:Worldmap node 3 mapped to patch 3 and is appended.
INFO:root:Worldmap node 4 mapped to patch 4 and is appended.
INFO:root:Worldmap node 5 mapped to patch 5 and is appended.
INFO:root:Worldmap node 6 mapped to patch 6 and is appended.
INFO:root:Worldmap node 7 mapped to patch 7 and is appended.
INFO:root:World 1 created.
INFO:root:Worldmap node 0 mapped to patch 0 and is appended.
INFO:root:Worldmap node 1 mapped to patch 1 and is appended.
INFO:root:Worldmap node 2 mapped to patch 2 and is appended.
INFO:root:Worldmap node 3 mapped to patch 3 and is appended.
INFO:root:Worldmap node 4 mapped to patch 4 and is appended.
INFO:root:Worldmap node 5 mapped to patch 5 and is appended.
INFO:root:Worldmap node 6 mapped to patch 6 and is appended.
INFO:root:Worldmap node 7 mapped to patch 7 and is appended.
INFO:root:Worldmap node 8 mapped to patch 8 and is appended.
INFO:root:World 1 created.
INFO:root:Worldmap node 0 mapped to patch 0 and is appended.
INFO:root:Worldmap node 1 mapped to patch 1 and is appended.
INFO:root:Worldmap node 2 mapped to patch 2 and is appended.
INFO:root:Worldmap node 3 mapped to patch 3 and is appended.
INFO:root:Worldmap node 4 mapped to patch 4 and is appended.
INFO:root:Worldmap node 5 mapped to patch 5 and is appended.
INFO:root:Worldmap node 6 mapped to patch 6 and is appended.
INFO:root:Worldmap node 7 mapped to patch 7 and is appended.
INFO:root:Worldmap node 8 mapped to patch 8 and is appended.
INFO:root:World 1 created.
INFO:root:Worldmap node 0 mapped to patch 0 and is appended.
INFO:root:Worldmap node 1 mapped to patch 1 and is appended.
INFO:root:Worldmap node 2 mapped to patch 2 and is appended.
INFO:root:Worldmap node 3 mapped to patch 3 and is appended.
INFO:root:Worldmap node 4 mapped to patch 4 and is appended.
INFO:root:Worldmap node 5 mapped to patch 5 and is appended.
INFO:root:Worldmap node 6 mapped to patch 6 and is appended.
INFO:root:Worldmap node 7 mapped to patch 7 and is appended.
INFO:root:Worldmap node 8 mapped to patch 8 and is appended.
INFO:root:World 1 created.
INFO:root:Worldmap node 0 mapped to patch 0 and is appended.
INFO:root:Worldmap node 1 mapped to patch 1 and is appended.
INFO:root:Worldmap node 2 mapped to patch 2 and is appended.
INFO:root:Worldmap node 3 mapped to patch 3 and is appended.
INFO:root:Worldmap node 4 mapped to patch 4 and is appended.
INFO:root:Worldmap node 5 mapped to patch 5 and is appended.
INFO:root:Worldmap node 6 mapped to patch 6 and is appended.
INFO:root:Worldmap node 7 mapped to patch 7 and is appended.
INFO:root:Worldmap node 8 mapped to patch 8 and is appended.
INFO:root:Worldmap node 9 mapped to patch 9 and is appended.
INFO:root:World 1 created.
INFO:root:Worldmap node 0 mapped to patch 0 and is appended.
INFO:root:Worldmap node 1 mapped to patch 1 and is appended.
INFO:root:Worldmap node 2 mapped to patch 2 and is appended.
INFO:root:Worldmap node 3 mapped to patch 3 and is appended.
INFO:root:Worldmap node 4 mapped to patch 4 and is appended.
INFO:root:Worldmap node 5 mapped to patch 5 and is appended.
INFO:root:Worldmap node 6 mapped to patch 6 and is appended.
INFO:root:Worldmap node 7 mapped to patch 7 and is appended.
INFO:root:Worldmap node 8 mapped to patch 8 and is appended.
INFO:root:Worldmap node 9 mapped to patch 9 and is appended.
INFO:root:World 1 created.
INFO:root:Worldmap node 0 mapped to patch 0 and is appended.
INFO:root:Worldmap node 1 mapped to patch 1 and is appended.
INFO:root:Worldmap node 2 mapped to patch 2 and is appended.
INFO:root:Worldmap node 3 mapped to patch 3 and is appended.
INFO:root:Worldmap node 4 mapped to patch 4 and is appended.
INFO:root:Worldmap node 5 mapped to patch 5 and is appended.
INFO:root:Worldmap node 6 mapped to patch 6 and is appended.
INFO:root:Worldmap node 7 mapped to patch 7 and is appended.
INFO:root:Worldmap node 8 mapped to patch 8 and is appended.
INFO:root:Worldmap node 9 mapped to patch 9 and is appended.
INFO:root:World 1 created.
INFO:root:Worldmap node 0 mapped to patch 0 and is appended.
INFO:root:Worldmap node 1 mapped to patch 1 and is appended.
INFO:root:Worldmap node 2 mapped to patch 2 and is appended.
INFO:root:Worldmap node 3 mapped to patch 3 and is appended.
INFO:root:Worldmap node 4 mapped to patch 4 and is appended.
INFO:root:Worldmap node 5 mapped to patch 5 and is appended.
INFO:root:Worldmap node 6 mapped to patch 6 and is appended.
INFO:root:Worldmap node 7 mapped to patch 7 and is appended.
INFO:root:Worldmap node 8 mapped to patch 8 and is appended.
INFO:root:Worldmap node 9 mapped to patch 9 and is appended.
INFO:root:Worldmap node 10 mapped to patch 10 and is appended.
INFO:root:World 1 created.
INFO:root:Worldmap node 0 mapped to patch 0 and is appended.
INFO:root:Worldmap node 1 mapped to patch 1 and is appended.
INFO:root:Worldmap node 2 mapped to patch 2 and is appended.
INFO:root:Worldmap node 3 mapped to patch 3 and is appended.
INFO:root:Worldmap node 4 mapped to patch 4 and is appended.
INFO:root:Worldmap node 5 mapped to patch 5 and is appended.
INFO:root:Worldmap node 6 mapped to patch 6 and is appended.
INFO:root:Worldmap node 7 mapped to patch 7 and is appended.
INFO:root:Worldmap node 8 mapped to patch 8 and is appended.
INFO:root:Worldmap node 9 mapped to patch 9 and is appended.
INFO:root:Worldmap node 10 mapped to patch 10 and is appended.
INFO:root:World 1 created.
INFO:root:Worldmap node 0 mapped to patch 0 and is appended.
INFO:root:Worldmap node 1 mapped to patch 1 and is appended.
INFO:root:Worldmap node 2 mapped to patch 2 and is appended.
INFO:root:Worldmap node 3 mapped to patch 3 and is appended.
INFO:root:Worldmap node 4 mapped to patch 4 and is appended.
INFO:root:Worldmap node 5 mapped to patch 5 and is appended.
INFO:root:Worldmap node 6 mapped to patch 6 and is appended.
INFO:root:Worldmap node 7 mapped to patch 7 and is appended.
INFO:root:Worldmap node 8 mapped to patch 8 and is appended.
INFO:root:Worldmap node 9 mapped to patch 9 and is appended.
INFO:root:Worldmap node 10 mapped to patch 10 and is appended.
INFO:root:World 1 created.
INFO:root:Worldmap node 0 mapped to patch 0 and is appended.
INFO:root:Worldmap node 1 mapped to patch 1 and is appended.
INFO:root:Worldmap node 2 mapped to patch 2 and is appended.
INFO:root:Worldmap node 3 mapped to patch 3 and is appended.
INFO:root:Worldmap node 4 mapped to patch 4 and is appended.
INFO:root:Worldmap node 5 mapped to patch 5 and is appended.
INFO:root:Worldmap node 6 mapped to patch 6 and is appended.
INFO:root:Worldmap node 7 mapped to patch 7 and is appended.
INFO:root:Worldmap node 8 mapped to patch 8 and is appended.
INFO:root:Worldmap node 9 mapped to patch 9 and is appended.
INFO:root:Worldmap node 10 mapped to patch 10 and is appended.
INFO:root:Worldmap node 11 mapped to patch 11 and is appended.
INFO:root:World 1 created.
INFO:root:Worldmap node 0 mapped to patch 0 and is appended.
INFO:root:Worldmap node 1 mapped to patch 1 and is appended.
INFO:root:Worldmap node 2 mapped to patch 2 and is appended.
INFO:root:Worldmap node 3 mapped to patch 3 and is appended.
INFO:root:Worldmap node 4 mapped to patch 4 and is appended.
INFO:root:Worldmap node 5 mapped to patch 5 and is appended.
INFO:root:Worldmap node 6 mapped to patch 6 and is appended.
INFO:root:Worldmap node 7 mapped to patch 7 and is appended.
INFO:root:Worldmap node 8 mapped to patch 8 and is appended.
INFO:root:Worldmap node 9 mapped to patch 9 and is appended.
INFO:root:Worldmap node 10 mapped to patch 10 and is appended.
INFO:root:Worldmap node 11 mapped to patch 11 and is appended.
INFO:root:World 1 created.
INFO:root:Worldmap node 0 mapped to patch 0 and is appended.
INFO:root:Worldmap node 1 mapped to patch 1 and is appended.
INFO:root:Worldmap node 2 mapped to patch 2 and is appended.
INFO:root:Worldmap node 3 mapped to patch 3 and is appended.
INFO:root:Worldmap node 4 mapped to patch 4 and is appended.
INFO:root:Worldmap node 5 mapped to patch 5 and is appended.
INFO:root:Worldmap node 6 mapped to patch 6 and is appended.
INFO:root:Worldmap node 7 mapped to patch 7 and is appended.
INFO:root:Worldmap node 8 mapped to patch 8 and is appended.
INFO:root:Worldmap node 9 mapped to patch 9 and is appended.
INFO:root:Worldmap node 10 mapped to patch 10 and is appended.
INFO:root:Worldmap node 11 mapped to patch 11 and is appended.
INFO:root:World 1 created.
INFO:root:Worldmap node 0 mapped to patch 0 and is appended.
INFO:root:Worldmap node 1 mapped to patch 1 and is appended.
INFO:root:Worldmap node 2 mapped to patch 2 and is appended.
INFO:root:Worldmap node 3 mapped to patch 3 and is appended.
INFO:root:Worldmap node 4 mapped to patch 4 and is appended.
INFO:root:Worldmap node 5 mapped to patch 5 and is appended.
INFO:root:Worldmap node 6 mapped to patch 6 and is appended.
INFO:root:Worldmap node 7 mapped to patch 7 and is appended.
INFO:root:Worldmap node 8 mapped to patch 8 and is appended.
INFO:root:Worldmap node 9 mapped to patch 9 and is appended.
INFO:root:Worldmap node 10 mapped to patch 10 and is appended.
INFO:root:Worldmap node 11 mapped to patch 11 and is appended.
INFO:root:Worldmap node 12 mapped to patch 12 and is appended.
INFO:root:World 1 created.
INFO:root:Worldmap node 0 mapped to patch 0 and is appended.
INFO:root:Worldmap node 1 mapped to patch 1 and is appended.
INFO:root:Worldmap node 2 mapped to patch 2 and is appended.
INFO:root:Worldmap node 3 mapped to patch 3 and is appended.
INFO:root:Worldmap node 4 mapped to patch 4 and is appended.
INFO:root:Worldmap node 5 mapped to patch 5 and is appended.
INFO:root:Worldmap node 6 mapped to patch 6 and is appended.
INFO:root:Worldmap node 7 mapped to patch 7 and is appended.
INFO:root:Worldmap node 8 mapped to patch 8 and is appended.
INFO:root:Worldmap node 9 mapped to patch 9 and is appended.
INFO:root:Worldmap node 10 mapped to patch 10 and is appended.
INFO:root:Worldmap node 11 mapped to patch 11 and is appended.
INFO:root:Worldmap node 12 mapped to patch 12 and is appended.
INFO:root:World 1 created.
INFO:root:Worldmap node 0 mapped to patch 0 and is appended.
INFO:root:Worldmap node 1 mapped to patch 1 and is appended.
INFO:root:Worldmap node 2 mapped to patch 2 and is appended.
INFO:root:Worldmap node 3 mapped to patch 3 and is appended.
INFO:root:Worldmap node 4 mapped to patch 4 and is appended.
INFO:root:Worldmap node 5 mapped to patch 5 and is appended.
INFO:root:Worldmap node 6 mapped to patch 6 and is appended.
INFO:root:Worldmap node 7 mapped to patch 7 and is appended.
INFO:root:Worldmap node 8 mapped to patch 8 and is appended.
INFO:root:Worldmap node 9 mapped to patch 9 and is appended.
INFO:root:Worldmap node 10 mapped to patch 10 and is appended.
INFO:root:Worldmap node 11 mapped to patch 11 and is appended.
INFO:root:Worldmap node 12 mapped to patch 12 and is appended.
INFO:root:World 1 created.
INFO:root:Worldmap node 0 mapped to patch 0 and is appended.
INFO:root:Worldmap node 1 mapped to patch 1 and is appended.
INFO:root:Worldmap node 2 mapped to patch 2 and is appended.
INFO:root:Worldmap node 3 mapped to patch 3 and is appended.
INFO:root:Worldmap node 4 mapped to patch 4 and is appended.
INFO:root:Worldmap node 5 mapped to patch 5 and is appended.
INFO:root:Worldmap node 6 mapped to patch 6 and is appended.
INFO:root:Worldmap node 7 mapped to patch 7 and is appended.
INFO:root:Worldmap node 8 mapped to patch 8 and is appended.
INFO:root:Worldmap node 9 mapped to patch 9 and is appended.
INFO:root:Worldmap node 10 mapped to patch 10 and is appended.
INFO:root:Worldmap node 11 mapped to patch 11 and is appended.
INFO:root:Worldmap node 12 mapped to patch 12 and is appended.
INFO:root:Worldmap node 13 mapped to patch 13 and is appended.
INFO:root:World 1 created.
INFO:root:Worldmap node 0 mapped to patch 0 and is appended.
INFO:root:Worldmap node 1 mapped to patch 1 and is appended.
INFO:root:Worldmap node 2 mapped to patch 2 and is appended.
INFO:root:Worldmap node 3 mapped to patch 3 and is appended.
INFO:root:Worldmap node 4 mapped to patch 4 and is appended.
INFO:root:Worldmap node 5 mapped to patch 5 and is appended.
INFO:root:Worldmap node 6 mapped to patch 6 and is appended.
INFO:root:Worldmap node 7 mapped to patch 7 and is appended.
INFO:root:Worldmap node 8 mapped to patch 8 and is appended.
INFO:root:Worldmap node 9 mapped to patch 9 and is appended.
INFO:root:Worldmap node 10 mapped to patch 10 and is appended.
INFO:root:Worldmap node 11 mapped to patch 11 and is appended.
INFO:root:Worldmap node 12 mapped to patch 12 and is appended.
INFO:root:Worldmap node 13 mapped to patch 13 and is appended.
INFO:root:World 1 created.
INFO:root:Worldmap node 0 mapped to patch 0 and is appended.
INFO:root:Worldmap node 1 mapped to patch 1 and is appended.
INFO:root:Worldmap node 2 mapped to patch 2 and is appended.
INFO:root:Worldmap node 3 mapped to patch 3 and is appended.
INFO:root:Worldmap node 4 mapped to patch 4 and is appended.
INFO:root:Worldmap node 5 mapped to patch 5 and is appended.
INFO:root:Worldmap node 6 mapped to patch 6 and is appended.
INFO:root:Worldmap node 7 mapped to patch 7 and is appended.
INFO:root:Worldmap node 8 mapped to patch 8 and is appended.
INFO:root:Worldmap node 9 mapped to patch 9 and is appended.
INFO:root:Worldmap node 10 mapped to patch 10 and is appended.
INFO:root:Worldmap node 11 mapped to patch 11 and is appended.
INFO:root:Worldmap node 12 mapped to patch 12 and is appended.
INFO:root:Worldmap node 13 mapped to patch 13 and is appended.
INFO:root:World 1 created.
INFO:root:Worldmap node 0 mapped to patch 0 and is appended.
INFO:root:Worldmap node 1 mapped to patch 1 and is appended.
INFO:root:Worldmap node 2 mapped to patch 2 and is appended.
INFO:root:Worldmap node 3 mapped to patch 3 and is appended.
INFO:root:Worldmap node 4 mapped to patch 4 and is appended.
INFO:root:Worldmap node 5 mapped to patch 5 and is appended.
INFO:root:Worldmap node 6 mapped to patch 6 and is appended.
INFO:root:Worldmap node 7 mapped to patch 7 and is appended.
INFO:root:Worldmap node 8 mapped to patch 8 and is appended.
INFO:root:Worldmap node 9 mapped to patch 9 and is appended.
INFO:root:Worldmap node 10 mapped to patch 10 and is appended.
INFO:root:Worldmap node 11 mapped to patch 11 and is appended.
INFO:root:Worldmap node 12 mapped to patch 12 and is appended.
INFO:root:Worldmap node 13 mapped to patch 13 and is appended.
INFO:root:Worldmap node 14 mapped to patch 14 and is appended.
INFO:root:World 1 created.
INFO:root:Worldmap node 0 mapped to patch 0 and is appended.
INFO:root:Worldmap node 1 mapped to patch 1 and is appended.
INFO:root:Worldmap node 2 mapped to patch 2 and is appended.
INFO:root:Worldmap node 3 mapped to patch 3 and is appended.
INFO:root:Worldmap node 4 mapped to patch 4 and is appended.
INFO:root:Worldmap node 5 mapped to patch 5 and is appended.
INFO:root:Worldmap node 6 mapped to patch 6 and is appended.
INFO:root:Worldmap node 7 mapped to patch 7 and is appended.
INFO:root:Worldmap node 8 mapped to patch 8 and is appended.
INFO:root:Worldmap node 9 mapped to patch 9 and is appended.
INFO:root:Worldmap node 10 mapped to patch 10 and is appended.
INFO:root:Worldmap node 11 mapped to patch 11 and is appended.
INFO:root:Worldmap node 12 mapped to patch 12 and is appended.
INFO:root:Worldmap node 13 mapped to patch 13 and is appended.
INFO:root:Worldmap node 14 mapped to patch 14 and is appended.
INFO:root:World 1 created.
INFO:root:Worldmap node 0 mapped to patch 0 and is appended.
INFO:root:Worldmap node 1 mapped to patch 1 and is appended.
INFO:root:Worldmap node 2 mapped to patch 2 and is appended.
INFO:root:Worldmap node 3 mapped to patch 3 and is appended.
INFO:root:Worldmap node 4 mapped to patch 4 and is appended.
INFO:root:Worldmap node 5 mapped to patch 5 and is appended.
INFO:root:Worldmap node 6 mapped to patch 6 and is appended.
INFO:root:Worldmap node 7 mapped to patch 7 and is appended.
INFO:root:Worldmap node 8 mapped to patch 8 and is appended.
INFO:root:Worldmap node 9 mapped to patch 9 and is appended.
INFO:root:Worldmap node 10 mapped to patch 10 and is appended.
INFO:root:Worldmap node 11 mapped to patch 11 and is appended.
INFO:root:Worldmap node 12 mapped to patch 12 and is appended.
INFO:root:Worldmap node 13 mapped to patch 13 and is appended.
INFO:root:Worldmap node 14 mapped to patch 14 and is appended.
INFO:root:World 1 created.
INFO:root:Worldmap node 0 mapped to patch 0 and is appended.
INFO:root:Worldmap node 1 mapped to patch 1 and is appended.
INFO:root:Worldmap node 2 mapped to patch 2 and is appended.
INFO:root:Worldmap node 3 mapped to patch 3 and is appended.
INFO:root:Worldmap node 4 mapped to patch 4 and is appended.
INFO:root:Worldmap node 5 mapped to patch 5 and is appended.
INFO:root:Worldmap node 6 mapped to patch 6 and is appended.
INFO:root:Worldmap node 7 mapped to patch 7 and is appended.
INFO:root:Worldmap node 8 mapped to patch 8 and is appended.
INFO:root:Worldmap node 9 mapped to patch 9 and is appended.
INFO:root:Worldmap node 10 mapped to patch 10 and is appended.
INFO:root:Worldmap node 11 mapped to patch 11 and is appended.
INFO:root:Worldmap node 12 mapped to patch 12 and is appended.
INFO:root:Worldmap node 13 mapped to patch 13 and is appended.
INFO:root:Worldmap node 14 mapped to patch 14 and is appended.
INFO:root:Worldmap node 15 mapped to patch 15 and is appended.
INFO:root:World 1 created.
INFO:root:Worldmap node 0 mapped to patch 0 and is appended.
INFO:root:Worldmap node 1 mapped to patch 1 and is appended.
INFO:root:Worldmap node 2 mapped to patch 2 and is appended.
INFO:root:Worldmap node 3 mapped to patch 3 and is appended.
INFO:root:Worldmap node 4 mapped to patch 4 and is appended.
INFO:root:Worldmap node 5 mapped to patch 5 and is appended.
INFO:root:Worldmap node 6 mapped to patch 6 and is appended.
INFO:root:Worldmap node 7 mapped to patch 7 and is appended.
INFO:root:Worldmap node 8 mapped to patch 8 and is appended.
INFO:root:Worldmap node 9 mapped to patch 9 and is appended.
INFO:root:Worldmap node 10 mapped to patch 10 and is appended.
INFO:root:Worldmap node 11 mapped to patch 11 and is appended.
INFO:root:Worldmap node 12 mapped to patch 12 and is appended.
INFO:root:Worldmap node 13 mapped to patch 13 and is appended.
INFO:root:Worldmap node 14 mapped to patch 14 and is appended.
INFO:root:Worldmap node 15 mapped to patch 15 and is appended.
INFO:root:World 1 created.
INFO:root:Worldmap node 0 mapped to patch 0 and is appended.
INFO:root:Worldmap node 1 mapped to patch 1 and is appended.
INFO:root:Worldmap node 2 mapped to patch 2 and is appended.
INFO:root:Worldmap node 3 mapped to patch 3 and is appended.
INFO:root:Worldmap node 4 mapped to patch 4 and is appended.
INFO:root:Worldmap node 5 mapped to patch 5 and is appended.
INFO:root:Worldmap node 6 mapped to patch 6 and is appended.
INFO:root:Worldmap node 7 mapped to patch 7 and is appended.
INFO:root:Worldmap node 8 mapped to patch 8 and is appended.
INFO:root:Worldmap node 9 mapped to patch 9 and is appended.
INFO:root:Worldmap node 10 mapped to patch 10 and is appended.
INFO:root:Worldmap node 11 mapped to patch 11 and is appended.
INFO:root:Worldmap node 12 mapped to patch 12 and is appended.
INFO:root:Worldmap node 13 mapped to patch 13 and is appended.
INFO:root:Worldmap node 14 mapped to patch 14 and is appended.
INFO:root:Worldmap node 15 mapped to patch 15 and is appended.
INFO:root:World 1 created.
INFO:root:Worldmap node 0 mapped to patch 0 and is appended.
INFO:root:Worldmap node 1 mapped to patch 1 and is appended.
INFO:root:Worldmap node 2 mapped to patch 2 and is appended.
INFO:root:Worldmap node 3 mapped to patch 3 and is appended.
INFO:root:Worldmap node 4 mapped to patch 4 and is appended.
INFO:root:Worldmap node 5 mapped to patch 5 and is appended.
INFO:root:Worldmap node 6 mapped to patch 6 and is appended.
INFO:root:Worldmap node 7 mapped to patch 7 and is appended.
INFO:root:Worldmap node 8 mapped to patch 8 and is appended.
INFO:root:Worldmap node 9 mapped to patch 9 and is appended.
INFO:root:Worldmap node 10 mapped to patch 10 and is appended.
INFO:root:Worldmap node 11 mapped to patch 11 and is appended.
INFO:root:Worldmap node 12 mapped to patch 12 and is appended.
INFO:root:Worldmap node 13 mapped to patch 13 and is appended.
INFO:root:Worldmap node 14 mapped to patch 14 and is appended.
INFO:root:Worldmap node 15 mapped to patch 15 and is appended.
INFO:root:Worldmap node 16 mapped to patch 16 and is appended.
INFO:root:World 1 created.
INFO:root:Worldmap node 0 mapped to patch 0 and is appended.
INFO:root:Worldmap node 1 mapped to patch 1 and is appended.
INFO:root:Worldmap node 2 mapped to patch 2 and is appended.
INFO:root:Worldmap node 3 mapped to patch 3 and is appended.
INFO:root:Worldmap node 4 mapped to patch 4 and is appended.
INFO:root:Worldmap node 5 mapped to patch 5 and is appended.
INFO:root:Worldmap node 6 mapped to patch 6 and is appended.
INFO:root:Worldmap node 7 mapped to patch 7 and is appended.
INFO:root:Worldmap node 8 mapped to patch 8 and is appended.
INFO:root:Worldmap node 9 mapped to patch 9 and is appended.
INFO:root:Worldmap node 10 mapped to patch 10 and is appended.
INFO:root:Worldmap node 11 mapped to patch 11 and is appended.
INFO:root:Worldmap node 12 mapped to patch 12 and is appended.
INFO:root:Worldmap node 13 mapped to patch 13 and is appended.
INFO:root:Worldmap node 14 mapped to patch 14 and is appended.
INFO:root:Worldmap node 15 mapped to patch 15 and is appended.
INFO:root:Worldmap node 16 mapped to patch 16 and is appended.
INFO:root:World 1 created.
INFO:root:Worldmap node 0 mapped to patch 0 and is appended.
INFO:root:Worldmap node 1 mapped to patch 1 and is appended.
INFO:root:Worldmap node 2 mapped to patch 2 and is appended.
INFO:root:Worldmap node 3 mapped to patch 3 and is appended.
INFO:root:Worldmap node 4 mapped to patch 4 and is appended.
INFO:root:Worldmap node 5 mapped to patch 5 and is appended.
INFO:root:Worldmap node 6 mapped to patch 6 and is appended.
INFO:root:Worldmap node 7 mapped to patch 7 and is appended.
INFO:root:Worldmap node 8 mapped to patch 8 and is appended.
INFO:root:Worldmap node 9 mapped to patch 9 and is appended.
INFO:root:Worldmap node 10 mapped to patch 10 and is appended.
INFO:root:Worldmap node 11 mapped to patch 11 and is appended.
INFO:root:Worldmap node 12 mapped to patch 12 and is appended.
INFO:root:Worldmap node 13 mapped to patch 13 and is appended.
INFO:root:Worldmap node 14 mapped to patch 14 and is appended.
INFO:root:Worldmap node 15 mapped to patch 15 and is appended.
INFO:root:Worldmap node 16 mapped to patch 16 and is appended.
INFO:root:World 1 created.
INFO:root:Worldmap node 0 mapped to patch 0 and is appended.
INFO:root:Worldmap node 1 mapped to patch 1 and is appended.
INFO:root:Worldmap node 2 mapped to patch 2 and is appended.
INFO:root:Worldmap node 3 mapped to patch 3 and is appended.
INFO:root:Worldmap node 4 mapped to patch 4 and is appended.
INFO:root:Worldmap node 5 mapped to patch 5 and is appended.
INFO:root:Worldmap node 6 mapped to patch 6 and is appended.
INFO:root:Worldmap node 7 mapped to patch 7 and is appended.
INFO:root:Worldmap node 8 mapped to patch 8 and is appended.
INFO:root:Worldmap node 9 mapped to patch 9 and is appended.
INFO:root:Worldmap node 10 mapped to patch 10 and is appended.
INFO:root:Worldmap node 11 mapped to patch 11 and is appended.
INFO:root:Worldmap node 12 mapped to patch 12 and is appended.
INFO:root:Worldmap node 13 mapped to patch 13 and is appended.
INFO:root:Worldmap node 14 mapped to patch 14 and is appended.
INFO:root:Worldmap node 15 mapped to patch 15 and is appended.
INFO:root:Worldmap node 16 mapped to patch 16 and is appended.
INFO:root:Worldmap node 17 mapped to patch 17 and is appended.
INFO:root:World 1 created.
INFO:root:Worldmap node 0 mapped to patch 0 and is appended.
INFO:root:Worldmap node 1 mapped to patch 1 and is appended.
INFO:root:Worldmap node 2 mapped to patch 2 and is appended.
INFO:root:Worldmap node 3 mapped to patch 3 and is appended.
INFO:root:Worldmap node 4 mapped to patch 4 and is appended.
INFO:root:Worldmap node 5 mapped to patch 5 and is appended.
INFO:root:Worldmap node 6 mapped to patch 6 and is appended.
INFO:root:Worldmap node 7 mapped to patch 7 and is appended.
INFO:root:Worldmap node 8 mapped to patch 8 and is appended.
INFO:root:Worldmap node 9 mapped to patch 9 and is appended.
INFO:root:Worldmap node 10 mapped to patch 10 and is appended.
INFO:root:Worldmap node 11 mapped to patch 11 and is appended.
INFO:root:Worldmap node 12 mapped to patch 12 and is appended.
INFO:root:Worldmap node 13 mapped to patch 13 and is appended.
INFO:root:Worldmap node 14 mapped to patch 14 and is appended.
INFO:root:Worldmap node 15 mapped to patch 15 and is appended.
INFO:root:Worldmap node 16 mapped to patch 16 and is appended.
INFO:root:Worldmap node 17 mapped to patch 17 and is appended.
INFO:root:World 1 created.
INFO:root:Worldmap node 0 mapped to patch 0 and is appended.
INFO:root:Worldmap node 1 mapped to patch 1 and is appended.
INFO:root:Worldmap node 2 mapped to patch 2 and is appended.
INFO:root:Worldmap node 3 mapped to patch 3 and is appended.
INFO:root:Worldmap node 4 mapped to patch 4 and is appended.
INFO:root:Worldmap node 5 mapped to patch 5 and is appended.
INFO:root:Worldmap node 6 mapped to patch 6 and is appended.
INFO:root:Worldmap node 7 mapped to patch 7 and is appended.
INFO:root:Worldmap node 8 mapped to patch 8 and is appended.
INFO:root:Worldmap node 9 mapped to patch 9 and is appended.
INFO:root:Worldmap node 10 mapped to patch 10 and is appended.
INFO:root:Worldmap node 11 mapped to patch 11 and is appended.
INFO:root:Worldmap node 12 mapped to patch 12 and is appended.
INFO:root:Worldmap node 13 mapped to patch 13 and is appended.
INFO:root:Worldmap node 14 mapped to patch 14 and is appended.
INFO:root:Worldmap node 15 mapped to patch 15 and is appended.
INFO:root:Worldmap node 16 mapped to patch 16 and is appended.
INFO:root:Worldmap node 17 mapped to patch 17 and is appended.
INFO:root:World 1 created.
INFO:root:Worldmap node 0 mapped to patch 0 and is appended.
INFO:root:Worldmap node 1 mapped to patch 1 and is appended.
INFO:root:Worldmap node 2 mapped to patch 2 and is appended.
INFO:root:Worldmap node 3 mapped to patch 3 and is appended.
INFO:root:Worldmap node 4 mapped to patch 4 and is appended.
INFO:root:Worldmap node 5 mapped to patch 5 and is appended.
INFO:root:Worldmap node 6 mapped to patch 6 and is appended.
INFO:root:Worldmap node 7 mapped to patch 7 and is appended.
INFO:root:Worldmap node 8 mapped to patch 8 and is appended.
INFO:root:Worldmap node 9 mapped to patch 9 and is appended.
INFO:root:Worldmap node 10 mapped to patch 10 and is appended.
INFO:root:Worldmap node 11 mapped to patch 11 and is appended.
INFO:root:Worldmap node 12 mapped to patch 12 and is appended.
INFO:root:Worldmap node 13 mapped to patch 13 and is appended.
INFO:root:Worldmap node 14 mapped to patch 14 and is appended.
INFO:root:Worldmap node 15 mapped to patch 15 and is appended.
INFO:root:Worldmap node 16 mapped to patch 16 and is appended.
INFO:root:Worldmap node 17 mapped to patch 17 and is appended.
INFO:root:Worldmap node 18 mapped to patch 18 and is appended.
INFO:root:World 1 created.
INFO:root:Worldmap node 0 mapped to patch 0 and is appended.
INFO:root:Worldmap node 1 mapped to patch 1 and is appended.
INFO:root:Worldmap node 2 mapped to patch 2 and is appended.
INFO:root:Worldmap node 3 mapped to patch 3 and is appended.
INFO:root:Worldmap node 4 mapped to patch 4 and is appended.
INFO:root:Worldmap node 5 mapped to patch 5 and is appended.
INFO:root:Worldmap node 6 mapped to patch 6 and is appended.
INFO:root:Worldmap node 7 mapped to patch 7 and is appended.
INFO:root:Worldmap node 8 mapped to patch 8 and is appended.
INFO:root:Worldmap node 9 mapped to patch 9 and is appended.
INFO:root:Worldmap node 10 mapped to patch 10 and is appended.
INFO:root:Worldmap node 11 mapped to patch 11 and is appended.
INFO:root:Worldmap node 12 mapped to patch 12 and is appended.
INFO:root:Worldmap node 13 mapped to patch 13 and is appended.
INFO:root:Worldmap node 14 mapped to patch 14 and is appended.
INFO:root:Worldmap node 15 mapped to patch 15 and is appended.
INFO:root:Worldmap node 16 mapped to patch 16 and is appended.
INFO:root:Worldmap node 17 mapped to patch 17 and is appended.
INFO:root:Worldmap node 18 mapped to patch 18 and is appended.
INFO:root:World 1 created.
INFO:root:Worldmap node 0 mapped to patch 0 and is appended.
INFO:root:Worldmap node 1 mapped to patch 1 and is appended.
INFO:root:Worldmap node 2 mapped to patch 2 and is appended.
INFO:root:Worldmap node 3 mapped to patch 3 and is appended.
INFO:root:Worldmap node 4 mapped to patch 4 and is appended.
INFO:root:Worldmap node 5 mapped to patch 5 and is appended.
INFO:root:Worldmap node 6 mapped to patch 6 and is appended.
INFO:root:Worldmap node 7 mapped to patch 7 and is appended.
INFO:root:Worldmap node 8 mapped to patch 8 and is appended.
INFO:root:Worldmap node 9 mapped to patch 9 and is appended.
INFO:root:Worldmap node 10 mapped to patch 10 and is appended.
INFO:root:Worldmap node 11 mapped to patch 11 and is appended.
INFO:root:Worldmap node 12 mapped to patch 12 and is appended.
INFO:root:Worldmap node 13 mapped to patch 13 and is appended.
INFO:root:Worldmap node 14 mapped to patch 14 and is appended.
INFO:root:Worldmap node 15 mapped to patch 15 and is appended.
INFO:root:Worldmap node 16 mapped to patch 16 and is appended.
INFO:root:Worldmap node 17 mapped to patch 17 and is appended.
INFO:root:Worldmap node 18 mapped to patch 18 and is appended.
INFO:root:World 1 created.
INFO:root:Worldmap node 0 mapped to patch 0 and is appended.
INFO:root:Worldmap node 1 mapped to patch 1 and is appended.
INFO:root:Worldmap node 2 mapped to patch 2 and is appended.
INFO:root:Worldmap node 3 mapped to patch 3 and is appended.
INFO:root:Worldmap node 4 mapped to patch 4 and is appended.
INFO:root:Worldmap node 5 mapped to patch 5 and is appended.
INFO:root:Worldmap node 6 mapped to patch 6 and is appended.
INFO:root:Worldmap node 7 mapped to patch 7 and is appended.
INFO:root:Worldmap node 8 mapped to patch 8 and is appended.
INFO:root:Worldmap node 9 mapped to patch 9 and is appended.
INFO:root:Worldmap node 10 mapped to patch 10 and is appended.
INFO:root:Worldmap node 11 mapped to patch 11 and is appended.
INFO:root:Worldmap node 12 mapped to patch 12 and is appended.
INFO:root:Worldmap node 13 mapped to patch 13 and is appended.
INFO:root:Worldmap node 14 mapped to patch 14 and is appended.
INFO:root:Worldmap node 15 mapped to patch 15 and is appended.
INFO:root:Worldmap node 16 mapped to patch 16 and is appended.
INFO:root:Worldmap node 17 mapped to patch 17 and is appended.
INFO:root:Worldmap node 18 mapped to patch 18 and is appended.
INFO:root:Worldmap node 19 mapped to patch 19 and is appended.
INFO:root:World 1 created.
INFO:root:Worldmap node 0 mapped to patch 0 and is appended.
INFO:root:Worldmap node 1 mapped to patch 1 and is appended.
INFO:root:Worldmap node 2 mapped to patch 2 and is appended.
INFO:root:Worldmap node 3 mapped to patch 3 and is appended.
INFO:root:Worldmap node 4 mapped to patch 4 and is appended.
INFO:root:Worldmap node 5 mapped to patch 5 and is appended.
INFO:root:Worldmap node 6 mapped to patch 6 and is appended.
INFO:root:Worldmap node 7 mapped to patch 7 and is appended.
INFO:root:Worldmap node 8 mapped to patch 8 and is appended.
INFO:root:Worldmap node 9 mapped to patch 9 and is appended.
INFO:root:World 1 created.
